* This is the StructMobWeight report file that is output every time the server starts.
* 
* Spawn Balance Utility (SBU) will use this file ONLY if it is renamed to StructMobWeight.csv.
* Lines starting with '*' are comments and ignored
* It allows you to add and remove mobs and adjust their spawnweights for Structures
* like shipwrecks, nether fortresses, water monuments, etc.
* 
1, structory:abandoned_camp, HEADING, header:ignore, 0, 0, 0
2, structory:abandoned_chapel, HEADING, header:ignore, 0, 0, 0
3, legendary_monsters:abandoned_crypt, HEADING, header:ignore, 0, 0, 0
4, incendium:abandoned_tower, HEADING, header:ignore, 0, 0, 0
5, alexscaves:abyssal_ruins, HEADING, header:ignore, 0, 0, 0
6, alexscaves:abyssal_ruins, MONSTER, alexscaves:mine_guardian, 20, 1, 2
7, alexscaves:acid_pit, HEADING, header:ignore, 0, 0, 0
8, cataclysm:acropolis, HEADING, header:ignore, 0, 0, 0
9, minecraft:ancient_city, HEADING, header:ignore, 0, 0, 0
10, philipsruins:ancient_crypt, HEADING, header:ignore, 0, 0, 0
11, philipsruins:ancient_dungeon, HEADING, header:ignore, 0, 0, 0
12, philipsruins:ancient_dungeon, MONSTER, minecraft:zombie, 2, 4, 12
13, cataclysm:ancient_factory, HEADING, header:ignore, 0, 0, 0
14, theinkarena:ancient_ink_temple, HEADING, header:ignore, 0, 0, 0
15, philipsruins:ancient_ruins, HEADING, header:ignore, 0, 0, 0
16, philipsruins:ancient_ruins, MONSTER, minecraft:zombie, 12, 10, 20
17, philipsruins:ancient_ruins, MONSTER, minecraft:skeleton, 12, 10, 20
18, legendary_monsters:ancient_stronghold, HEADING, header:ignore, 0, 0, 0
19, deeperdarker:ancient_temple, HEADING, header:ignore, 0, 0, 0
20, legendary_monsters:ancient_tower_remains, HEADING, header:ignore, 0, 0, 0
21, philipsruins:ancient_towers, HEADING, header:ignore, 0, 0, 0
22, philipsruins:ancient_towers, MONSTER, minecraft:zombie, 12, 5, 20
23, realmrpg_quests:anglers, HEADING, header:ignore, 0, 0, 0
24, philipsruins:antiquus_crypta, HEADING, header:ignore, 0, 0, 0
25, philipsruins:antiquus_crypta, MONSTER, minecraft:skeleton, 15, 5, 15
26, philipsruins:antiquus_crypta, MONSTER, minecraft:zombie, 15, 7, 15
27, betterarcheology:archeologist_camp_grassy, HEADING, header:ignore, 0, 0, 0
28, betterarcheology:archeologist_camp_redsand, HEADING, header:ignore, 0, 0, 0
29, betterarcheology:archeologist_camp_sand, HEADING, header:ignore, 0, 0, 0
30, mes:astral_hideaway, HEADING, header:ignore, 0, 0, 0
31, mes:astral_meteorite, HEADING, header:ignore, 0, 0, 0
32, explorify:badlands_pyramid, HEADING, header:ignore, 0, 0, 0
33, philipsruins:badlands_start_dungeon, HEADING, header:ignore, 0, 0, 0
34, philipsruins:badlands_structures, HEADING, header:ignore, 0, 0, 0
35, formationsoverworld:bamboo_hut, HEADING, header:ignore, 0, 0, 0
36, formationsnether:basalt_hut, HEADING, header:ignore, 0, 0, 0
37, minecraft:bastion_remnant, HEADING, header:ignore, 0, 0, 0
38, mvs:beach_bar, HEADING, header:ignore, 0, 0, 0
39, valhelsia_structures:big_tree, HEADING, header:ignore, 0, 0, 0
40, explorify:black_spiral, HEADING, header:ignore, 0, 0, 0
41, formationsnether:blackstone_castle, HEADING, header:ignore, 0, 0, 0
42, formationsnether:blackstone_remnant, HEADING, header:ignore, 0, 0, 0
43, eeeabsmobs:bloody_altar, HEADING, header:ignore, 0, 0, 0
44, joshie:blossom_blade, HEADING, header:ignore, 0, 0, 0
45, structory:boat, HEADING, header:ignore, 0, 0, 0
46, philipsruins:bone_dungeon, HEADING, header:ignore, 0, 0, 0
47, philipsruins:bone_dungeon, MONSTER, minecraft:skeleton, 6, 2, 8
48, philipsruins:bone_dungeon, MONSTER, minecraft:husk, 5, 5, 10
49, feur_extension_fossil:bones_tree, HEADING, header:ignore, 0, 0, 0
50, witherstormmod:bowels, HEADING, header:ignore, 0, 0, 0
51, betterarcheology:buried_ruins_sand, HEADING, header:ignore, 0, 0, 0
52, minecraft:buried_treasure, HEADING, header:ignore, 0, 0, 0
53, cataclysm:burning_arena, HEADING, header:ignore, 0, 0, 0
54, alexscaves:cake_cave, HEADING, header:ignore, 0, 0, 0
55, explorify:campsite, HEADING, header:ignore, 0, 0, 0
56, formationsnether:campsite, HEADING, header:ignore, 0, 0, 0
57, formationsoverworld:campsite, HEADING, header:ignore, 0, 0, 0
58, mvs:cartographer_tower, HEADING, header:ignore, 0, 0, 0
59, mvs:carts/cart, HEADING, header:ignore, 0, 0, 0
60, mvs:carts/large_cart_1, HEADING, header:ignore, 0, 0, 0
61, mvs:carts/large_cart_2, HEADING, header:ignore, 0, 0, 0
62, mvs:carts/medium_bamboo_cart, HEADING, header:ignore, 0, 0, 0
63, medievalend:castle, HEADING, header:ignore, 0, 0, 0
64, valhelsia_structures:castle, HEADING, header:ignore, 0, 0, 0
65, valhelsia_structures:castle_ruin, HEADING, header:ignore, 0, 0, 0
66, bygonenether:catacomb, HEADING, header:ignore, 0, 0, 0
67, bygonenether:catacomb, MONSTER, minecraft:magma_cube, 1, 1, 1
68, betterarcheology:catacombs, HEADING, header:ignore, 0, 0, 0
69, undergarden:catacombs, HEADING, header:ignore, 0, 0, 0
70, undergarden:catacombs, MONSTER, undergarden:forgotten, 1, 1, 1
71, mvs:cathedral, HEADING, header:ignore, 0, 0, 0
72, mvs:cathedral, MONSTER, minecraft:skeleton, 1, 1, 2
73, mvs:cathedral, MONSTER, minecraft:zombie, 2, 2, 5
74, netherexp:chapel, HEADING, header:ignore, 0, 0, 0
75, formationsnether:checkerboard_temple, HEADING, header:ignore, 0, 0, 0
76, bygonenether:citadel, HEADING, header:ignore, 0, 0, 0
77, bygonenether:citadel, MONSTER, bygonenether:warped_enderman, 1, 1, 1
78, bygonenether:citadel, MONSTER, minecraft:enderman, 1, 1, 1
79, friendsandfoes:citadel, HEADING, header:ignore, 0, 0, 0
80, friendsandfoes:citadel, MONSTER, minecraft:blaze, 1, 1, 2
81, legendary_monsters:cloudy_temple, HEADING, header:ignore, 0, 0, 0
82, born_in_chaos_v1:clown_caravan_plains, HEADING, header:ignore, 0, 0, 0
83, born_in_chaos_v1:clown_caravan_savanna, HEADING, header:ignore, 0, 0, 0
84, born_in_chaos_v1:clown_caravan_taiga, HEADING, header:ignore, 0, 0, 0
85, formationsoverworld:cobble_hole, HEADING, header:ignore, 0, 0, 0
86, realmrpg_quests:cooks, HEADING, header:ignore, 0, 0, 0
87, formationsoverworld:copper_spire, HEADING, header:ignore, 0, 0, 0
88, mvs:crystal, HEADING, header:ignore, 0, 0, 0
89, cataclysm:cursed_pyramid, HEADING, header:ignore, 0, 0, 0
90, explorify:dark_forest_settlement, HEADING, header:ignore, 0, 0, 0
91, born_in_chaos_v1:dark_tower_forest, HEADING, header:ignore, 0, 0, 0
92, born_in_chaos_v1:dark_tower_plain, HEADING, header:ignore, 0, 0, 0
93, born_in_chaos_v1:dark_tower_taiga, HEADING, header:ignore, 0, 0, 0
94, mvs:dead_tree/acacia, HEADING, header:ignore, 0, 0, 0
95, mvs:dead_tree/birch, HEADING, header:ignore, 0, 0, 0
96, mvs:dead_tree/cherry, HEADING, header:ignore, 0, 0, 0
97, mvs:dead_tree/dark_oak, HEADING, header:ignore, 0, 0, 0
98, mvs:dead_tree/jungle, HEADING, header:ignore, 0, 0, 0
99, mvs:dead_tree/mangrove, HEADING, header:ignore, 0, 0, 0
100, mvs:dead_tree/oak, HEADING, header:ignore, 0, 0, 0
101, mvs:dead_tree/spruce, HEADING, header:ignore, 0, 0, 0
102, valhelsia_structures:deep_spawner_room, HEADING, header:ignore, 0, 0, 0
103, structory:dense_forest_ruin, HEADING, header:ignore, 0, 0, 0
104, valhelsia_structures:desert_house, HEADING, header:ignore, 0, 0, 0
105, formationsoverworld:desert_houses, HEADING, header:ignore, 0, 0, 0
106, betterarcheology:desert_obelisk, HEADING, header:ignore, 0, 0, 0
107, minecraft:desert_pyramid, HEADING, header:ignore, 0, 0, 0
108, explorify:desert_shrine, HEADING, header:ignore, 0, 0, 0
109, philipsruins:desert_structures, HEADING, header:ignore, 0, 0, 0
110, philipsruins:desert_structures, MONSTER, minecraft:husk, 15, 5, 15
111, betterdeserttemples:desert_temple, HEADING, header:ignore, 0, 0, 0
112, betterdeserttemples:desert_temple, MONSTER, minecraft:husk, 100, 10, 32
113, betterdeserttemples:desert_temple, CREATURE, minecraft:cat, 100, 4, 4
114, betterdeserttemples:desert_temple, CREATURE, minecraft:rabbit, 100, 4, 4
115, netherexp:devils_bluff, HEADING, header:ignore, 0, 0, 0
116, alexscaves:dino_bowl, HEADING, header:ignore, 0, 0, 0
117, alexscaves:donut_arch, HEADING, header:ignore, 0, 0, 0
118, ender_dragon_loot:dragon_kin_altar, HEADING, header:ignore, 0, 0, 0
119, nullscape:dragon_skeleton, HEADING, header:ignore, 0, 0, 0
120, minecraft:end_city, HEADING, header:ignore, 0, 0, 0
121, minecraft:end_city, MONSTER, alexsmobs:mimicube, 40, 1, 3
122, philipsruins:end_gate_fortress, HEADING, header:ignore, 0, 0, 0
123, philipsruins:end_gate_fortress, MONSTER, minecraft:enderman, 15, 5, 15
124, endersdelight:end_house, HEADING, header:ignore, 0, 0, 0
125, philipsruins:end_ruins, HEADING, header:ignore, 0, 0, 0
126, explorify:end_shipwreck, HEADING, header:ignore, 0, 0, 0
127, mes:ender_spire, HEADING, header:ignore, 0, 0, 0
128, mes:enderbloom_grove, HEADING, header:ignore, 0, 0, 0
129, mes:enderkeep_courtyard, HEADING, header:ignore, 0, 0, 0
130, mes:enderpin_spikes, HEADING, header:ignore, 0, 0, 0
131, mes:enderskog, HEADING, header:ignore, 0, 0, 0
132, mes:enderwatch_tower, HEADING, header:ignore, 0, 0, 0
133, mes:endscraps, HEADING, header:ignore, 0, 0, 0
134, towns_and_towers:exclusives/pillager_outpost_classic, HEADING, header:ignore, 0, 0, 0
135, towns_and_towers:exclusives/pillager_outpost_classic, MONSTER, minecraft:pillager, 1, 1, 2
136, towns_and_towers:exclusives/pillager_outpost_iberian, HEADING, header:ignore, 0, 0, 0
137, towns_and_towers:exclusives/pillager_outpost_iberian, MONSTER, minecraft:pillager, 1, 1, 2
138, towns_and_towers:exclusives/pillager_outpost_mediterranean, HEADING, header:ignore, 0, 0, 0
139, towns_and_towers:exclusives/pillager_outpost_mediterranean, MONSTER, minecraft:pillager, 1, 1, 2
140, towns_and_towers:exclusives/pillager_outpost_oriental, HEADING, header:ignore, 0, 0, 0
141, towns_and_towers:exclusives/pillager_outpost_oriental, MONSTER, minecraft:pillager, 1, 1, 2
142, towns_and_towers:exclusives/pillager_outpost_rustic, HEADING, header:ignore, 0, 0, 0
143, towns_and_towers:exclusives/pillager_outpost_rustic, MONSTER, minecraft:pillager, 1, 1, 2
144, towns_and_towers:exclusives/pillager_outpost_swedish, HEADING, header:ignore, 0, 0, 0
145, towns_and_towers:exclusives/pillager_outpost_swedish, MONSTER, minecraft:pillager, 1, 1, 2
146, towns_and_towers:exclusives/pillager_outpost_tudor, HEADING, header:ignore, 0, 0, 0
147, towns_and_towers:exclusives/pillager_outpost_tudor, MONSTER, minecraft:pillager, 1, 1, 2
148, towns_and_towers:exclusives/village_classic, HEADING, header:ignore, 0, 0, 0
149, towns_and_towers:exclusives/village_iberian, HEADING, header:ignore, 0, 0, 0
150, towns_and_towers:exclusives/village_mediterranean, HEADING, header:ignore, 0, 0, 0
151, towns_and_towers:exclusives/village_nilotic, HEADING, header:ignore, 0, 0, 0
152, towns_and_towers:exclusives/village_piglin, HEADING, header:ignore, 0, 0, 0
153, towns_and_towers:exclusives/village_piglin, MONSTER, minecraft:piglin, 6, 6, 8
154, towns_and_towers:exclusives/village_piglin, MONSTER, minecraft:piglin_brute, 1, 2, 3
155, towns_and_towers:exclusives/village_rustic, HEADING, header:ignore, 0, 0, 0
156, towns_and_towers:exclusives/village_swedish, HEADING, header:ignore, 0, 0, 0
157, towns_and_towers:exclusives/village_tudor, HEADING, header:ignore, 0, 0, 0
158, towns_and_towers:exclusives/village_wandering_trader_camp, HEADING, header:ignore, 0, 0, 0
159, born_in_chaos_v1:farm, HEADING, header:ignore, 0, 0, 0
160, formationsoverworld:farmland_field, HEADING, header:ignore, 0, 0, 0
161, explorify:farmstead, HEADING, header:ignore, 0, 0, 0
162, alexscaves:ferrocave, HEADING, header:ignore, 0, 0, 0
163, philipsruins:field_stone_ruins, HEADING, header:ignore, 0, 0, 0
164, philipsruins:field_stone_ruins, MONSTER, minecraft:skeleton, 10, 2, 10
165, philipsruins:field_stone_ruins, MONSTER, minecraft:zombie, 12, 5, 12
166, philipsruins:field_stone_ruins_rocks, HEADING, header:ignore, 0, 0, 0
167, structory:firetower, HEADING, header:ignore, 0, 0, 0
168, born_in_chaos_v1:firewell, HEADING, header:ignore, 0, 0, 0
169, formationsnether:flaming_pillar, HEADING, header:ignore, 0, 0, 0
170, incendium:forbidden_castle, HEADING, header:ignore, 0, 0, 0
171, valhelsia_structures:forge, HEADING, header:ignore, 0, 0, 0
172, undergarden:forgotten_vestige, HEADING, header:ignore, 0, 0, 0
173, alexscaves:forlorn_bridge, HEADING, header:ignore, 0, 0, 0
174, alexscaves:forlorn_canyon, HEADING, header:ignore, 0, 0, 0
175, medieval_buildings:fort, HEADING, header:ignore, 0, 0, 0
176, betterfortresses:fortress, HEADING, header:ignore, 0, 0, 0
177, betterfortresses:fortress, MONSTER, minecraft:blaze, 10, 2, 3
178, betterfortresses:fortress, MONSTER, minecraft:zombified_piglin, 5, 4, 4
179, betterfortresses:fortress, MONSTER, minecraft:wither_skeleton, 8, 5, 5
180, betterfortresses:fortress, MONSTER, minecraft:skeleton, 2, 5, 5
181, betterfortresses:fortress, MONSTER, minecraft:magma_cube, 3, 4, 4
182, betterfortresses:fortress, MONSTER, cataclysm:ignited_berserker, 5, 1, 1
183, minecraft:fortress, HEADING, header:ignore, 0, 0, 0
184, minecraft:fortress, MONSTER, minecraft:blaze, 10, 2, 3
185, minecraft:fortress, MONSTER, minecraft:zombified_piglin, 5, 4, 4
186, minecraft:fortress, MONSTER, minecraft:wither_skeleton, 8, 5, 5
187, minecraft:fortress, MONSTER, minecraft:skeleton, 2, 5, 5
188, minecraft:fortress, MONSTER, minecraft:magma_cube, 3, 4, 4
189, minecraft:fortress, MONSTER, cataclysm:ignited_berserker, 5, 1, 1
190, minecraft:fortress, MONSTER, celestisynth:star_monolith, 20, 1, 1
191, feur_extension_fossil:fossil_arc, HEADING, header:ignore, 0, 0, 0
192, feur_extension_fossil:fossil_baby_fish, HEADING, header:ignore, 0, 0, 0
193, feur_extension_fossil:fossil_bone_fish, HEADING, header:ignore, 0, 0, 0
194, feur_extension_fossil:fossil_chest, HEADING, header:ignore, 0, 0, 0
195, betterarcheology:fossil_chicken, HEADING, header:ignore, 0, 0, 0
196, betterarcheology:fossil_chicken_birch, HEADING, header:ignore, 0, 0, 0
197, betterarcheology:fossil_creeper, HEADING, header:ignore, 0, 0, 0
198, feur_extension_fossil:fossil_dragon, HEADING, header:ignore, 0, 0, 0
199, feur_extension_fossil:fossil_fang, HEADING, header:ignore, 0, 0, 0
200, feur_extension_fossil:fossil_fish, HEADING, header:ignore, 0, 0, 0
201, feur_extension_fossil:fossil_guardian, HEADING, header:ignore, 0, 0, 0
202, feur_extension_fossil:fossil_hand, HEADING, header:ignore, 0, 0, 0
203, betterarcheology:fossil_jungle_0, HEADING, header:ignore, 0, 0, 0
204, betterarcheology:fossil_jungle_1, HEADING, header:ignore, 0, 0, 0
205, betterarcheology:fossil_sheep_0, HEADING, header:ignore, 0, 0, 0
206, feur_extension_fossil:fossil_snake, HEADING, header:ignore, 0, 0, 0
207, betterarcheology:fossil_wolf, HEADING, header:ignore, 0, 0, 0
208, formationsoverworld:fountain, HEADING, header:ignore, 0, 0, 0
209, legendary_monsters:frostbitten_temple, HEADING, header:ignore, 0, 0, 0
210, cataclysm:frosted_prison, HEADING, header:ignore, 0, 0, 0
211, mowziesmobs:frostmaw_spawn, HEADING, header:ignore, 0, 0, 0
212, mvs:gallows, HEADING, header:ignore, 0, 0, 0
213, bosses_of_mass_destruction:gauntlet_arena, HEADING, header:ignore, 0, 0, 0
214, biomemakeover:ghost_town, HEADING, header:ignore, 0, 0, 0
215, biomemakeover:ghost_town, MONSTER, biomemakeover:ghost, 150, 2, 4
216, taxtg:giant_birch_tree, HEADING, header:ignore, 0, 0, 0
217, taxtg:giant_cherryblossom_tree, HEADING, header:ignore, 0, 0, 0
218, taxtg:giant_jungle_tree, HEADING, header:ignore, 0, 0, 0
219, taxtg:giant_oak_tree, HEADING, header:ignore, 0, 0, 0
220, taxtg:giant_spruce_tree_001, HEADING, header:ignore, 0, 0, 0
221, alexscaves:gingerbread_town, HEADING, header:ignore, 0, 0, 0
222, alexscaves:gingerbread_town, MONSTER, alexscaves:gingerbread_man, 100, 4, 4
223, born_in_chaos_v1:grave_2003wise, HEADING, header:ignore, 0, 0, 0
224, born_in_chaos_v1:grave_2_dling, HEADING, header:ignore, 0, 0, 0
225, born_in_chaos_v1:grave_d_4rk_devil_x, HEADING, header:ignore, 0, 0, 0
226, born_in_chaos_v1:grave_darktitan, HEADING, header:ignore, 0, 0, 0
227, born_in_chaos_v1:grave_derivas, HEADING, header:ignore, 0, 0, 0
228, born_in_chaos_v1:grave_euthymia, HEADING, header:ignore, 0, 0, 0
229, born_in_chaos_v1:grave_feral, HEADING, header:ignore, 0, 0, 0
230, born_in_chaos_v1:grave_fubuki_banzai, HEADING, header:ignore, 0, 0, 0
231, born_in_chaos_v1:grave_memesus, HEADING, header:ignore, 0, 0, 0
232, born_in_chaos_v1:grave_mike_and_rory, HEADING, header:ignore, 0, 0, 0
233, born_in_chaos_v1:grave_nino_4416, HEADING, header:ignore, 0, 0, 0
234, born_in_chaos_v1:grave_orion, HEADING, header:ignore, 0, 0, 0
235, born_in_chaos_v1:grave_petasi, HEADING, header:ignore, 0, 0, 0
236, born_in_chaos_v1:grave_plug, HEADING, header:ignore, 0, 0, 0
237, born_in_chaos_v1:grave_rotborne, HEADING, header:ignore, 0, 0, 0
238, born_in_chaos_v1:grave_somfunambulist, HEADING, header:ignore, 0, 0, 0
239, born_in_chaos_v1:grave_tem_187, HEADING, header:ignore, 0, 0, 0
240, born_in_chaos_v1:grave_the_gentleman_frog, HEADING, header:ignore, 0, 0, 0
241, born_in_chaos_v1:gravecarrionexe, HEADING, header:ignore, 0, 0, 0
242, formationsoverworld:graveyard, HEADING, header:ignore, 0, 0, 0
243, structory:graveyard, HEADING, header:ignore, 0, 0, 0
244, explorify:guide_post_cold, HEADING, header:ignore, 0, 0, 0
245, explorify:guide_post_warm, HEADING, header:ignore, 0, 0, 0
246, eeeabsmobs:guling, HEADING, header:ignore, 0, 0, 0
247, realmrpg_quests:headless_skeletons, HEADING, header:ignore, 0, 0, 0
248, formationsoverworld:hobbit_hole, HEADING, header:ignore, 0, 0, 0
249, mvs:horse_pen, HEADING, header:ignore, 0, 0, 0
250, medievalend:house, HEADING, header:ignore, 0, 0, 0
251, medieval_buildings:house_1, HEADING, header:ignore, 0, 0, 0
252, medieval_buildings:house_2, HEADING, header:ignore, 0, 0, 0
253, mvs:houses/azelea_house, HEADING, header:ignore, 0, 0, 0
254, mvs:houses/barn, HEADING, header:ignore, 0, 0, 0
255, mvs:houses/deepslate_house, HEADING, header:ignore, 0, 0, 0
256, mvs:houses/desert_house, HEADING, header:ignore, 0, 0, 0
257, mvs:houses/flower_hole, HEADING, header:ignore, 0, 0, 0
258, mvs:houses/house, HEADING, header:ignore, 0, 0, 0
259, mvs:houses/large_floating_island, HEADING, header:ignore, 0, 0, 0
260, mvs:houses/large_warped_tower, HEADING, header:ignore, 0, 0, 0
261, mvs:houses/medium_igloo_1, HEADING, header:ignore, 0, 0, 0
262, mvs:houses/medium_igloo_2, HEADING, header:ignore, 0, 0, 0
263, mvs:houses/small_igloo, HEADING, header:ignore, 0, 0, 0
264, mvs:houses/small_swamp_house, HEADING, header:ignore, 0, 0, 0
265, mvs:houses/tall_house, HEADING, header:ignore, 0, 0, 0
266, mvs:houses/warped_house, HEADING, header:ignore, 0, 0, 0
267, skyarena:ice_arena, HEADING, header:ignore, 0, 0, 0
268, formationsoverworld:ice_castle, HEADING, header:ignore, 0, 0, 0
269, aquamirae:ice_maze/arch, HEADING, header:ignore, 0, 0, 0
270, aquamirae:ice_maze/arch, MONSTER, aquamirae:maw, 50, 1, 2
271, aquamirae:ice_maze/arch, AMBIENT, aquamirae:golden_moth, 3, 1, 2
272, aquamirae:ice_maze/common, HEADING, header:ignore, 0, 0, 0
273, aquamirae:ice_maze/common, MONSTER, aquamirae:maw, 50, 1, 2
274, aquamirae:ice_maze/spiral, HEADING, header:ignore, 0, 0, 0
275, aquamirae:ice_maze/spiral, MONSTER, aquamirae:maw, 50, 2, 6
276, formationsoverworld:ice_spire, HEADING, header:ignore, 0, 0, 0
277, friendsandfoes:iceologer_cabin, HEADING, header:ignore, 0, 0, 0
278, friendsandfoes:iceologer_cabin, MONSTER, friendsandfoes:iceologer, 1, 1, 1
279, formationsoverworld:igloo, HEADING, header:ignore, 0, 0, 0
280, minecraft:igloo, HEADING, header:ignore, 0, 0, 0
281, friendsandfoes:illusioner_shack, HEADING, header:ignore, 0, 0, 0
282, friendsandfoes:illusioner_shack, MONSTER, minecraft:illusioner, 1, 1, 1
283, friendsandfoes:illusioner_training_grounds, HEADING, header:ignore, 0, 0, 0
284, friendsandfoes:illusioner_training_grounds, MONSTER, minecraft:illusioner, 1, 1, 1
285, friendsandfoes:illusioner_training_grounds, MONSTER, minecraft:pillager, 2, 1, 2
286, incendium:infernal_altar, HEADING, header:ignore, 0, 0, 0
287, born_in_chaos_v1:infernal_pumpkin, HEADING, header:ignore, 0, 0, 0
288, theinkarena:ink_arena_structure, HEADING, header:ignore, 0, 0, 0
289, minecraft:jungle_pyramid, HEADING, header:ignore, 0, 0, 0
290, structory:jungle_ruin, HEADING, header:ignore, 0, 0, 0
291, structory:jungle_ruin, MONSTER, minecraft:creeper, 10, 4, 4
292, betterjungletemples:jungle_temple, HEADING, header:ignore, 0, 0, 0
293, mvs:jungle_tower, HEADING, header:ignore, 0, 0, 0
294, dungeonnowloading:labyrinth, HEADING, header:ignore, 0, 0, 0
295, dungeonnowloading:labyrinth, MONSTER, minecraft:spider, 100, 4, 4
296, dungeonnowloading:labyrinth, MONSTER, minecraft:zombie, 95, 4, 4
297, dungeonnowloading:labyrinth, MONSTER, minecraft:zombie_villager, 5, 1, 1
298, dungeonnowloading:labyrinth, MONSTER, minecraft:skeleton, 100, 4, 4
299, dungeonnowloading:labyrinth, MONSTER, minecraft:creeper, 100, 4, 4
300, dungeonnowloading:labyrinth, MONSTER, minecraft:slime, 100, 4, 4
301, dungeonnowloading:labyrinth, MONSTER, minecraft:enderman, 10, 1, 4
302, dungeonnowloading:labyrinth, MONSTER, minecraft:witch, 5, 1, 1
303, dungeonnowloading:labyrinth, MONSTER, minecraft:drowned, 95, 4, 4
304, dungeonnowloading:labyrinth, AMBIENT, minecraft:bat, 10, 8, 8
305, dungeonnowloading:labyrinth, UNDERGROUND_WATER_CREATURE, minecraft:glow_squid, 10, 4, 6
306, mvs:lantern/medium_oak_lantern, HEADING, header:ignore, 0, 0, 0
307, mvs:lantern/small_acacia_lantern, HEADING, header:ignore, 0, 0, 0
308, mvs:lantern/small_bamboo_lantern, HEADING, header:ignore, 0, 0, 0
309, mvs:lantern/small_birch_lantern, HEADING, header:ignore, 0, 0, 0
310, mvs:lantern/small_campfire_lantern, HEADING, header:ignore, 0, 0, 0
311, mvs:lantern/small_cherry_lantern, HEADING, header:ignore, 0, 0, 0
312, mvs:lantern/small_dark_oak_lantern, HEADING, header:ignore, 0, 0, 0
313, mvs:lantern/small_jungle_lantern, HEADING, header:ignore, 0, 0, 0
314, mvs:lantern/small_mangrove_lantern, HEADING, header:ignore, 0, 0, 0
315, mvs:lantern/small_oak_lantern, HEADING, header:ignore, 0, 0, 0
316, mvs:lantern/small_spruce_lantern, HEADING, header:ignore, 0, 0, 0
317, formationsnether:large_house, HEADING, header:ignore, 0, 0, 0
318, formationsnether:large_pedestal, HEADING, header:ignore, 0, 0, 0
319, formationsoverworld:large_temple, HEADING, header:ignore, 0, 0, 0
320, formationsnether:large_tree, HEADING, header:ignore, 0, 0, 0
321, legendary_monsters:lava_eater_spawn, HEADING, header:ignore, 0, 0, 0
322, philipsruins:level_one_ruins, HEADING, header:ignore, 0, 0, 0
323, philipsruins:level_one_ruins, MONSTER, minecraft:skeleton, 10, 2, 10
324, philipsruins:level_one_ruins, MONSTER, minecraft:zombie, 12, 5, 12
325, philipsruins:level_three_ruins, HEADING, header:ignore, 0, 0, 0
326, philipsruins:level_two_ruins, HEADING, header:ignore, 0, 0, 0
327, philipsruins:level_two_ruins_pool, HEADING, header:ignore, 0, 0, 0
328, bosses_of_mass_destruction:lich_tower, HEADING, header:ignore, 0, 0, 0
329, alexscaves:licowitch_tower, HEADING, header:ignore, 0, 0, 0
330, alexscaves:licowitch_tower, MONSTER, alexscaves:licowitch, 70, 1, 1
331, alexscaves:licowitch_tower, MONSTER, minecraft:witch, 30, 1, 1
332, betterarcheology:light_temple, HEADING, header:ignore, 0, 0, 0
333, mvs:log_pile/acacia_log_pile, HEADING, header:ignore, 0, 0, 0
334, mvs:log_pile/birch_log_pile, HEADING, header:ignore, 0, 0, 0
335, mvs:log_pile/dark_oak_log_pile, HEADING, header:ignore, 0, 0, 0
336, mvs:log_pile/jungle_log_pile, HEADING, header:ignore, 0, 0, 0
337, mvs:log_pile/oak_log_pile, HEADING, header:ignore, 0, 0, 0
338, mvs:log_pile/spruce_log_pile, HEADING, header:ignore, 0, 0, 0
339, formationsoverworld:log_shelter, HEADING, header:ignore, 0, 0, 0
340, formationsoverworld:log_spikes, HEADING, header:ignore, 0, 0, 0
341, tlc:lost_castle, HEADING, header:ignore, 0, 0, 0
342, philipsruins:lost_soul_city, HEADING, header:ignore, 0, 0, 0
343, philipsruins:lost_soul_city, MONSTER, minecraft:wither_skeleton, 1, 1, 2
344, philipsruins:lost_soul_dungeon, HEADING, header:ignore, 0, 0, 0
345, philipsruins:lost_soul_dungeon, MONSTER, minecraft:wither_skeleton, 1, 1, 5
346, realmrpg_quests:lumberjacks, HEADING, header:ignore, 0, 0, 0
347, explorify:mangrove_hut, HEADING, header:ignore, 0, 0, 0
348, biomemakeover:mansion, HEADING, header:ignore, 0, 0, 0
349, minecraft:mansion, HEADING, header:ignore, 0, 0, 0
350, mes:manuscript_shrine, HEADING, header:ignore, 0, 0, 0
351, explorify:mausoleum, HEADING, header:ignore, 0, 0, 0
352, netherexp:mega_fossil, HEADING, header:ignore, 0, 0, 0
353, netherexp:mega_fossil_campsite, HEADING, header:ignore, 0, 0, 0
354, netherexp:mega_fossil_campsite, MONSTER, minecraft:skeleton, 3, 1, 1
355, netherexp:mega_fossil_campsite, MONSTER, netherexp:vessel, 5, 1, 1
356, mes:mega_ship, HEADING, header:ignore, 0, 0, 0
357, mes:mega_ship, MONSTER, minecraft:shulker, 10, 2, 3
358, mes:mega_ship_basic, HEADING, header:ignore, 0, 0, 0
359, mes:mega_ship_basic, MONSTER, minecraft:shulker, 10, 2, 3
360, mes:mega_ship_basic, MONSTER, minecraft:enderman, 2, 3, 5
361, mes:mega_ship_crashed, HEADING, header:ignore, 0, 0, 0
362, mes:mega_ship_crashed, MONSTER, minecraft:shulker, 10, 2, 3
363, mes:mega_ship_crashed_2, HEADING, header:ignore, 0, 0, 0
364, mes:mega_ship_crashed_2, MONSTER, minecraft:shulker, 10, 2, 3
365, mes:mega_ship_crashed_deepslate, HEADING, header:ignore, 0, 0, 0
366, mes:mega_ship_crashed_deepslate, MONSTER, minecraft:shulker, 10, 1, 2
367, mes:mega_ship_deepslate, HEADING, header:ignore, 0, 0, 0
368, mes:mega_ship_deepslate, MONSTER, minecraft:shulker, 10, 2, 3
369, mes:mega_ship_deepslate, MONSTER, minecraft:enderman, 2, 3, 5
370, mes:mega_ship_deepslate_2, HEADING, header:ignore, 0, 0, 0
371, mes:mega_ship_deepslate_2, MONSTER, minecraft:shulker, 10, 2, 3
372, mes:mega_ship_deepslate_2, MONSTER, minecraft:enderman, 2, 3, 5
373, mes:mega_ship_deepslate_3, HEADING, header:ignore, 0, 0, 0
374, mes:mega_ship_deepslate_3, MONSTER, minecraft:shulker, 10, 2, 3
375, mes:mega_ship_deepslate_3, MONSTER, minecraft:enderman, 2, 3, 5
376, betterarcheology:mesa_ruins, HEADING, header:ignore, 0, 0, 0
377, formationsoverworld:mesoamerican_temple, HEADING, header:ignore, 0, 0, 0
378, formationsoverworld:meteor, HEADING, header:ignore, 0, 0, 0
379, towns_and_towers:mimic_desert, HEADING, header:ignore, 0, 0, 0
380, realmrpg_quests:miners, HEADING, header:ignore, 0, 0, 0
381, minecraft:mineshaft, HEADING, header:ignore, 0, 0, 0
382, minecraft:mineshaft, AMBIENT, alexsmobs:underminer, 50, 1, 1
383, bettermineshafts:mineshaft_acacia, HEADING, header:ignore, 0, 0, 0
384, bettermineshafts:mineshaft_acacia, AMBIENT, alexsmobs:underminer, 50, 1, 1
385, bettermineshafts:mineshaft_desert, HEADING, header:ignore, 0, 0, 0
386, bettermineshafts:mineshaft_desert, AMBIENT, alexsmobs:underminer, 50, 1, 1
387, bettermineshafts:mineshaft_dripstone, HEADING, header:ignore, 0, 0, 0
388, bettermineshafts:mineshaft_dripstone, AMBIENT, alexsmobs:underminer, 50, 1, 1
389, bettermineshafts:mineshaft_ice, HEADING, header:ignore, 0, 0, 0
390, bettermineshafts:mineshaft_ice, AMBIENT, alexsmobs:underminer, 50, 1, 1
391, bettermineshafts:mineshaft_jungle, HEADING, header:ignore, 0, 0, 0
392, bettermineshafts:mineshaft_jungle, AMBIENT, alexsmobs:underminer, 50, 1, 1
393, bettermineshafts:mineshaft_lush, HEADING, header:ignore, 0, 0, 0
394, bettermineshafts:mineshaft_lush, AMBIENT, alexsmobs:underminer, 50, 1, 1
395, bettermineshafts:mineshaft_mesa, HEADING, header:ignore, 0, 0, 0
396, bettermineshafts:mineshaft_mesa, AMBIENT, alexsmobs:underminer, 50, 1, 1
397, minecraft:mineshaft_mesa, HEADING, header:ignore, 0, 0, 0
398, minecraft:mineshaft_mesa, AMBIENT, alexsmobs:underminer, 50, 1, 1
399, bettermineshafts:mineshaft_mushroom, HEADING, header:ignore, 0, 0, 0
400, bettermineshafts:mineshaft_mushroom, AMBIENT, alexsmobs:underminer, 50, 1, 1
401, bettermineshafts:mineshaft_oak, HEADING, header:ignore, 0, 0, 0
402, bettermineshafts:mineshaft_oak, AMBIENT, alexsmobs:underminer, 50, 1, 1
403, bettermineshafts:mineshaft_overgrown, HEADING, header:ignore, 0, 0, 0
404, bettermineshafts:mineshaft_overgrown, AMBIENT, alexsmobs:underminer, 50, 1, 1
405, bettermineshafts:mineshaft_red_desert, HEADING, header:ignore, 0, 0, 0
406, bettermineshafts:mineshaft_red_desert, AMBIENT, alexsmobs:underminer, 50, 1, 1
407, bettermineshafts:mineshaft_spruce, HEADING, header:ignore, 0, 0, 0
408, bettermineshafts:mineshaft_spruce, AMBIENT, alexsmobs:underminer, 50, 1, 1
409, bettermineshafts:mineshaft_spruce_snowy, HEADING, header:ignore, 0, 0, 0
410, bettermineshafts:mineshaft_spruce_snowy, AMBIENT, alexsmobs:underminer, 50, 1, 1
411, mowziesmobs:monastery, HEADING, header:ignore, 0, 0, 0
412, mowziesmobs:monastery, MONSTER, mowziesmobs:bluff, 100, 1, 2
413, mes:monolith, HEADING, header:ignore, 0, 0, 0
414, realmrpg_quests:monster_hunters, HEADING, header:ignore, 0, 0, 0
415, minecraft:monument, HEADING, header:ignore, 0, 0, 0
416, minecraft:monument, MONSTER, minecraft:guardian, 1, 2, 4
417, legendary_monsters:mossy_temple, HEADING, header:ignore, 0, 0, 0
418, betterarcheology:mott, HEADING, header:ignore, 0, 0, 0
419, born_in_chaos_v1:mound_of_hounds, HEADING, header:ignore, 0, 0, 0
420, biomemakeover:mushroom_house, HEADING, header:ignore, 0, 0, 0
421, formationsoverworld:mushroom_hut, HEADING, header:ignore, 0, 0, 0
422, mes:mythic_garden, HEADING, header:ignore, 0, 0, 0
423, mvs:nature/acacia_tree, HEADING, header:ignore, 0, 0, 0
424, mvs:nature/big_oak_tree, HEADING, header:ignore, 0, 0, 0
425, mvs:nature/birch_tree, HEADING, header:ignore, 0, 0, 0
426, mvs:nature/boulder, HEADING, header:ignore, 0, 0, 0
427, mvs:nature/cherry_tree, HEADING, header:ignore, 0, 0, 0
428, mvs:nature/dark_oak_tree, HEADING, header:ignore, 0, 0, 0
429, mvs:nature/floating_islands, HEADING, header:ignore, 0, 0, 0
430, mvs:nature/jungle_palm_tree, HEADING, header:ignore, 0, 0, 0
431, mvs:nature/jungle_tree, HEADING, header:ignore, 0, 0, 0
432, mvs:nature/large_mushroom, HEADING, header:ignore, 0, 0, 0
433, mvs:nature/mushroom_pond, HEADING, header:ignore, 0, 0, 0
434, mvs:nature/oak_tree, HEADING, header:ignore, 0, 0, 0
435, mvs:nature/paths, HEADING, header:ignore, 0, 0, 0
436, mvs:nature/small_oak_pond, HEADING, header:ignore, 0, 0, 0
437, mvs:nature/spruce_tree, HEADING, header:ignore, 0, 0, 0
438, mvs:nature/stone_rock, HEADING, header:ignore, 0, 0, 0
439, netherdepthsupgrade:nether_fortress_piece, HEADING, header:ignore, 0, 0, 0
440, netherdepthsupgrade:nether_fortress_piece, WATER_AMBIENT, netherdepthsupgrade:blazefish, 10, 3, 4
441, minecraft:nether_fossil, HEADING, header:ignore, 0, 0, 0
442, minecraft:nether_fossil, MONSTER, alexsmobs:soul_vulture, 30, 1, 1
443, philipsruins:nether_lava_ruins, HEADING, header:ignore, 0, 0, 0
444, incendium:nether_reactor, HEADING, header:ignore, 0, 0, 0
445, formationsnether:nether_wart_field, HEADING, header:ignore, 0, 0, 0
446, structory:northern_ruin, HEADING, header:ignore, 0, 0, 0
447, born_in_chaos_v1:observation_tower_forest, HEADING, header:ignore, 0, 0, 0
448, born_in_chaos_v1:observation_tower_plains, HEADING, header:ignore, 0, 0, 0
449, formationsnether:obsidian_pillar, HEADING, header:ignore, 0, 0, 0
450, bosses_of_mass_destruction:obsidilith_arena, HEADING, header:ignore, 0, 0, 0
451, philipsruins:ocean_fortress, HEADING, header:ignore, 0, 0, 0
452, philipsruins:ocean_fortress, MONSTER, minecraft:guardian, 1, 2, 3
453, philipsruins:ocean_fortress, MONSTER, minecraft:drowned, 3, 5, 9
454, betteroceanmonuments:ocean_monument, HEADING, header:ignore, 0, 0, 0
455, betteroceanmonuments:ocean_monument, MONSTER, minecraft:guardian, 1, 2, 4
456, minecraft:ocean_ruin_cold, HEADING, header:ignore, 0, 0, 0
457, minecraft:ocean_ruin_warm, HEADING, header:ignore, 0, 0, 0
458, philipsruins:ocean_ruins, HEADING, header:ignore, 0, 0, 0
459, alexscaves:ocean_trench, HEADING, header:ignore, 0, 0, 0
460, formationsoverworld:offering, HEADING, header:ignore, 0, 0, 0
461, structory:old_manor, HEADING, header:ignore, 0, 0, 0
462, formationsnether:ore_shard, HEADING, header:ignore, 0, 0, 0
463, mvs:other_decoration/bee_dome, HEADING, header:ignore, 0, 0, 0
464, mvs:other_decoration/bench, HEADING, header:ignore, 0, 0, 0
465, mvs:other_decoration/campsite, HEADING, header:ignore, 0, 0, 0
466, mvs:other_decoration/crimson_enchanting_table, HEADING, header:ignore, 0, 0, 0
467, mvs:other_decoration/desert_pump, HEADING, header:ignore, 0, 0, 0
468, mvs:other_decoration/duck, HEADING, header:ignore, 0, 0, 0
469, mvs:other_decoration/end_scraps/end_scraps_1, HEADING, header:ignore, 0, 0, 0
470, mvs:other_decoration/end_scraps/end_scraps_2, HEADING, header:ignore, 0, 0, 0
471, mvs:other_decoration/end_scraps/end_scraps_3, HEADING, header:ignore, 0, 0, 0
472, mvs:other_decoration/end_scraps/end_scraps_4, HEADING, header:ignore, 0, 0, 0
473, mvs:other_decoration/fire_camp, HEADING, header:ignore, 0, 0, 0
474, mvs:other_decoration/fox_hut, HEADING, header:ignore, 0, 0, 0
475, mvs:other_decoration/haystack, HEADING, header:ignore, 0, 0, 0
476, mvs:other_decoration/horse_campsite, HEADING, header:ignore, 0, 0, 0
477, mvs:other_decoration/lamp_chest, HEADING, header:ignore, 0, 0, 0
478, mvs:other_decoration/lecturn_garden, HEADING, header:ignore, 0, 0, 0
479, mvs:other_decoration/mine_with_campsite, HEADING, header:ignore, 0, 0, 0
480, mvs:other_decoration/mushroom_statue, HEADING, header:ignore, 0, 0, 0
481, mvs:other_decoration/nether_devil, HEADING, header:ignore, 0, 0, 0
482, mvs:other_decoration/pile, HEADING, header:ignore, 0, 0, 0
483, mvs:other_decoration/snowy_dog_hut, HEADING, header:ignore, 0, 0, 0
484, mvs:other_decoration/snowy_fossil, HEADING, header:ignore, 0, 0, 0
485, mvs:other_decoration/stone_bee, HEADING, header:ignore, 0, 0, 0
486, mvs:other_decoration/villager_statue, HEADING, header:ignore, 0, 0, 0
487, mvs:other_decoration/wheat_grain_bin, HEADING, header:ignore, 0, 0, 0
488, mvs:other_decoration/windmill, HEADING, header:ignore, 0, 0, 0
489, mvs:other_decoration/wooden_wheat_farm, HEADING, header:ignore, 0, 0, 0
490, mvs:out_house, HEADING, header:ignore, 0, 0, 0
491, structory:outcast_villager_desert, HEADING, header:ignore, 0, 0, 0
492, structory:outcast_villager_grassy, HEADING, header:ignore, 0, 0, 0
493, aquamirae:outpost, HEADING, header:ignore, 0, 0, 0
494, aquamirae:outpost, MONSTER, minecraft:pillager, 10, 1, 2
495, aquamirae:outpost, MONSTER, minecraft:vindicator, 5, 1, 1
496, formationsnether:parkour_challenge, HEADING, header:ignore, 0, 0, 0
497, mes:phantom_citadel, HEADING, header:ignore, 0, 0, 0
498, realmrpg_quests:piglin_gamblers, HEADING, header:ignore, 0, 0, 0
499, bygonenether:piglin_manor, HEADING, header:ignore, 0, 0, 0
500, bygonenether:piglin_manor, MONSTER, minecraft:piglin, 2, 1, 1
501, bygonenether:piglin_manor, MONSTER, bygonenether:piglin_hunter, 1, 1, 1
502, hopo:piglin_ruin, HEADING, header:ignore, 0, 0, 0
503, incendium:piglin_village, HEADING, header:ignore, 0, 0, 0
504, minecraft:pillager_outpost, HEADING, header:ignore, 0, 0, 0
505, minecraft:pillager_outpost, MONSTER, minecraft:pillager, 4, 1, 1
506, minecraft:pillager_outpost, MONSTER, minecraft:vindicator, 1, 1, 1
507, towns_and_towers:pillager_outpost_badlands, HEADING, header:ignore, 0, 0, 0
508, towns_and_towers:pillager_outpost_badlands, MONSTER, minecraft:pillager, 1, 1, 2
509, towns_and_towers:pillager_outpost_beach, HEADING, header:ignore, 0, 0, 0
510, towns_and_towers:pillager_outpost_beach, MONSTER, minecraft:pillager, 1, 1, 2
511, towns_and_towers:pillager_outpost_birch_forest, HEADING, header:ignore, 0, 0, 0
512, towns_and_towers:pillager_outpost_birch_forest, MONSTER, minecraft:pillager, 1, 1, 2
513, towns_and_towers:pillager_outpost_desert, HEADING, header:ignore, 0, 0, 0
514, towns_and_towers:pillager_outpost_desert, MONSTER, minecraft:pillager, 1, 1, 2
515, towns_and_towers:pillager_outpost_flower_forest, HEADING, header:ignore, 0, 0, 0
516, towns_and_towers:pillager_outpost_flower_forest, MONSTER, minecraft:pillager, 1, 1, 2
517, towns_and_towers:pillager_outpost_forest, HEADING, header:ignore, 0, 0, 0
518, towns_and_towers:pillager_outpost_forest, MONSTER, minecraft:pillager, 1, 1, 2
519, towns_and_towers:pillager_outpost_grove, HEADING, header:ignore, 0, 0, 0
520, towns_and_towers:pillager_outpost_grove, MONSTER, minecraft:pillager, 1, 1, 2
521, towns_and_towers:pillager_outpost_jungle, HEADING, header:ignore, 0, 0, 0
522, towns_and_towers:pillager_outpost_jungle, MONSTER, minecraft:pillager, 1, 1, 2
523, towns_and_towers:pillager_outpost_meadow, HEADING, header:ignore, 0, 0, 0
524, towns_and_towers:pillager_outpost_meadow, MONSTER, minecraft:pillager, 1, 1, 2
525, towns_and_towers:pillager_outpost_mushroom_fields, HEADING, header:ignore, 0, 0, 0
526, towns_and_towers:pillager_outpost_ocean, HEADING, header:ignore, 0, 0, 0
527, towns_and_towers:pillager_outpost_ocean, MONSTER, minecraft:pillager, 1, 1, 2
528, towns_and_towers:pillager_outpost_old_growth_taiga, HEADING, header:ignore, 0, 0, 0
529, towns_and_towers:pillager_outpost_old_growth_taiga, MONSTER, minecraft:pillager, 1, 1, 2
530, towns_and_towers:pillager_outpost_savanna, HEADING, header:ignore, 0, 0, 0
531, towns_and_towers:pillager_outpost_savanna, MONSTER, minecraft:pillager, 1, 1, 2
532, towns_and_towers:pillager_outpost_savanna_plateau, HEADING, header:ignore, 0, 0, 0
533, towns_and_towers:pillager_outpost_savanna_plateau, MONSTER, minecraft:pillager, 1, 1, 2
534, towns_and_towers:pillager_outpost_snowy_beach, HEADING, header:ignore, 0, 0, 0
535, towns_and_towers:pillager_outpost_snowy_beach, MONSTER, minecraft:pillager, 1, 1, 2
536, towns_and_towers:pillager_outpost_snowy_plains, HEADING, header:ignore, 0, 0, 0
537, towns_and_towers:pillager_outpost_snowy_plains, MONSTER, minecraft:pillager, 1, 1, 2
538, towns_and_towers:pillager_outpost_snowy_slopes, HEADING, header:ignore, 0, 0, 0
539, towns_and_towers:pillager_outpost_snowy_slopes, MONSTER, minecraft:pillager, 1, 1, 2
540, towns_and_towers:pillager_outpost_snowy_taiga, HEADING, header:ignore, 0, 0, 0
541, towns_and_towers:pillager_outpost_snowy_taiga, MONSTER, minecraft:pillager, 1, 1, 2
542, towns_and_towers:pillager_outpost_sparse_jungle, HEADING, header:ignore, 0, 0, 0
543, towns_and_towers:pillager_outpost_sparse_jungle, MONSTER, minecraft:pillager, 1, 1, 2
544, towns_and_towers:pillager_outpost_sunflower_plains, HEADING, header:ignore, 0, 0, 0
545, towns_and_towers:pillager_outpost_sunflower_plains, MONSTER, minecraft:pillager, 1, 1, 2
546, towns_and_towers:pillager_outpost_swamp, HEADING, header:ignore, 0, 0, 0
547, towns_and_towers:pillager_outpost_swamp, MONSTER, minecraft:pillager, 1, 1, 2
548, towns_and_towers:pillager_outpost_taiga, HEADING, header:ignore, 0, 0, 0
549, towns_and_towers:pillager_outpost_taiga, MONSTER, minecraft:pillager, 1, 1, 2
550, towns_and_towers:pillager_outpost_wooded_badlands, HEADING, header:ignore, 0, 0, 0
551, towns_and_towers:pillager_outpost_wooded_badlands, MONSTER, minecraft:pillager, 1, 1, 2
552, galosphere:pink_salt_shrine, HEADING, header:ignore, 0, 0, 0
553, incendium:pipeline, HEADING, header:ignore, 0, 0, 0
554, mes:placid_prairie, HEADING, header:ignore, 0, 0, 0
555, valhelsia_structures:player_house, HEADING, header:ignore, 0, 0, 0
556, hopo:portal, HEADING, header:ignore, 0, 0, 0
557, hopo:portal_deepslate, HEADING, header:ignore, 0, 0, 0
558, hopo:portal_dripstone, HEADING, header:ignore, 0, 0, 0
559, hopo:portal_lush, HEADING, header:ignore, 0, 0, 0
560, philipsruins:pumpkin_ruins, HEADING, header:ignore, 0, 0, 0
561, philipsruins:pumpkin_ruins, MONSTER, minecraft:skeleton, 10, 2, 10
562, philipsruins:pumpkin_ruins, MONSTER, minecraft:zombie, 12, 5, 12
563, medievalend:pyramid, HEADING, header:ignore, 0, 0, 0
564, incendium:quartz_kitchen, HEADING, header:ignore, 0, 0, 0
565, formationsnether:quartz_spikes, HEADING, header:ignore, 0, 0, 0
566, formationsoverworld:raft, HEADING, header:ignore, 0, 0, 0
567, mvs:railway, HEADING, header:ignore, 0, 0, 0
568, philipsruins:rare_ruin, HEADING, header:ignore, 0, 0, 0
569, formationsnether:respawn_anchor_altar, HEADING, header:ignore, 0, 0, 0
570, feur_extension_fossil:rex_camp, HEADING, header:ignore, 0, 0, 0
571, formationsnether:rib_cage, HEADING, header:ignore, 0, 0, 0
572, ribbits:ribbit_village, HEADING, header:ignore, 0, 0, 0
573, structory:ruin_grassy, HEADING, header:ignore, 0, 0, 0
574, cataclysm:ruined_citadel, HEADING, header:ignore, 0, 0, 0
575, cataclysm:ruined_citadel, MONSTER, cataclysm:endermaptera, 3, 1, 1
576, incendium:ruined_lab, HEADING, header:ignore, 0, 0, 0
577, mes:ruined_pillar, HEADING, header:ignore, 0, 0, 0
578, minecraft:ruined_portal, HEADING, header:ignore, 0, 0, 0
579, minecraft:ruined_portal_desert, HEADING, header:ignore, 0, 0, 0
580, minecraft:ruined_portal_jungle, HEADING, header:ignore, 0, 0, 0
581, minecraft:ruined_portal_mountain, HEADING, header:ignore, 0, 0, 0
582, minecraft:ruined_portal_nether, HEADING, header:ignore, 0, 0, 0
583, minecraft:ruined_portal_ocean, HEADING, header:ignore, 0, 0, 0
584, minecraft:ruined_portal_swamp, HEADING, header:ignore, 0, 0, 0
585, legendary_monsters:ruined_pyramid, HEADING, header:ignore, 0, 0, 0
586, legendary_monsters:ruined_pyramid, MONSTER, legendary_monsters:bomber, 1, 1, 1
587, explorify:ruins, HEADING, header:ignore, 0, 0, 0
588, mvs:ruins/castle_ruins, HEADING, header:ignore, 0, 0, 0
589, mvs:ruins/log_ruin, HEADING, header:ignore, 0, 0, 0
590, mvs:ruins/ruined_beacon, HEADING, header:ignore, 0, 0, 0
591, mvs:ruins/small_ruin, HEADING, header:ignore, 0, 0, 0
592, mvs:ruins/statue_ruins, HEADING, header:ignore, 0, 0, 0
593, mvs:ruins/stone_pillars, HEADING, header:ignore, 0, 0, 0
594, mvs:ruins/tree_monument, HEADING, header:ignore, 0, 0, 0
595, betterarcheology:ruins_sand, HEADING, header:ignore, 0, 0, 0
596, incendium:sanctum, HEADING, header:ignore, 0, 0, 0
597, netherexp:sanctum, HEADING, header:ignore, 0, 0, 0
598, netherexp:sanctum, MONSTER, minecraft:skeleton, 10, 1, 3
599, netherexp:sanctum, MONSTER, netherexp:vessel, 5, 1, 2
600, netherexp:sanctum, MONSTER, netherexp:banshee, 5, 1, 1
601, netherexp:sanctum, MONSTER, netherexp:apparition, 7, 1, 1
602, philipsruins:sculk_dungeon, HEADING, header:ignore, 0, 0, 0
603, philipsruins:sealedruinedghaststatue1, HEADING, header:ignore, 0, 0, 0
604, mvs:shed, HEADING, header:ignore, 0, 0, 0
605, aquamirae:shelter, HEADING, header:ignore, 0, 0, 0
606, aquamirae:ship, HEADING, header:ignore, 0, 0, 0
607, aquamirae:ship, MONSTER, minecraft:pillager, 10, 1, 2
608, aquamirae:ship, MONSTER, minecraft:vindicator, 5, 1, 1
609, medieval_buildings:ship, HEADING, header:ignore, 0, 0, 0
610, medievalend:ship, HEADING, header:ignore, 0, 0, 0
611, minecraft:shipwreck, HEADING, header:ignore, 0, 0, 0
612, minecraft:shipwreck, MONSTER, alexsmobs:skelewag, 15, 1, 2
613, minecraft:shipwreck_beached, HEADING, header:ignore, 0, 0, 0
614, medievalend:shrine, HEADING, header:ignore, 0, 0, 0
615, legendary_monsters:shulker_tower, HEADING, header:ignore, 0, 0, 0
616, betterdungeons:skeleton_dungeon, HEADING, header:ignore, 0, 0, 0
617, betterdungeons:skeleton_dungeon, MONSTER, minecraft:skeleton, 100, 4, 15
618, legendary_monsters:skeletosaurus_nest, HEADING, header:ignore, 0, 0, 0
619, feur_extension_fossil:skull_camp, HEADING, header:ignore, 0, 0, 0
620, skyarena:sky_arena, HEADING, header:ignore, 0, 0, 0
621, skyvillages:skyvillage, HEADING, header:ignore, 0, 0, 0
622, feur_extension_fossil:small_coal_rex_camp, HEADING, header:ignore, 0, 0, 0
623, betterdungeons:small_dungeon, HEADING, header:ignore, 0, 0, 0
624, formationsnether:small_fire_arena, HEADING, header:ignore, 0, 0, 0
625, formationsoverworld:small_house, HEADING, header:ignore, 0, 0, 0
626, formationsnether:small_lava_arena, HEADING, header:ignore, 0, 0, 0
627, formationsnether:small_lava_shrine, HEADING, header:ignore, 0, 0, 0
628, betterdungeons:small_nether_dungeon, HEADING, header:ignore, 0, 0, 0
629, formationsnether:small_pedestal, HEADING, header:ignore, 0, 0, 0
630, mvs:small_pillager_tower, HEADING, header:ignore, 0, 0, 0
631, feur_extension_fossil:small_rex_camp, HEADING, header:ignore, 0, 0, 0
632, mvs:small_ship, HEADING, header:ignore, 0, 0, 0
633, formationsoverworld:small_statue, HEADING, header:ignore, 0, 0, 0
634, formationsoverworld:small_temple, HEADING, header:ignore, 0, 0, 0
635, snowy_tents:snowy_tent, HEADING, header:ignore, 0, 0, 0
636, alexscaves:soda_bottle, HEADING, header:ignore, 0, 0, 0
637, cataclysm:soul_black_smith, HEADING, header:ignore, 0, 0, 0
638, legendary_monsters:soul_fortress_remains, HEADING, header:ignore, 0, 0, 0
639, valhelsia_structures:spawner_dungeon, HEADING, header:ignore, 0, 0, 0
640, valhelsia_structures:spawner_room, HEADING, header:ignore, 0, 0, 0
641, formationsnether:sphere_cage, HEADING, header:ignore, 0, 0, 0
642, betterdungeons:spider_dungeon, HEADING, header:ignore, 0, 0, 0
643, betterdungeons:spider_dungeon, MONSTER, minecraft:spider, 100, 4, 15
644, betterdungeons:spider_dungeon, MONSTER, minecraft:cave_spider, 50, 4, 8
645, mvs:stall/blue_stall, HEADING, header:ignore, 0, 0, 0
646, mvs:stall/orange_stall, HEADING, header:ignore, 0, 0, 0
647, mvs:stall/pink_stall, HEADING, header:ignore, 0, 0, 0
648, mvs:stall/red_stall, HEADING, header:ignore, 0, 0, 0
649, mes:starlight_voyager, HEADING, header:ignore, 0, 0, 0
650, philipsruins:start_nether_dungeon, HEADING, header:ignore, 0, 0, 0
651, philipsruins:start_nether_ruin, HEADING, header:ignore, 0, 0, 0
652, mvs:stone_fountain, HEADING, header:ignore, 0, 0, 0
653, formationsoverworld:stone_ore_spikes, HEADING, header:ignore, 0, 0, 0
654, formationsoverworld:stone_tower, HEADING, header:ignore, 0, 0, 0
655, betterarcheology:stonehenge_grassy, HEADING, header:ignore, 0, 0, 0
656, witherstormmod:storm_spawn_platform, HEADING, header:ignore, 0, 0, 0
657, betterstrongholds:stronghold, HEADING, header:ignore, 0, 0, 0
658, minecraft:stronghold, HEADING, header:ignore, 0, 0, 0
659, cataclysm:sunken_city, HEADING, header:ignore, 0, 0, 0
660, biomemakeover:sunken_ruin, HEADING, header:ignore, 0, 0, 0
661, mvs:sunzi_gate, HEADING, header:ignore, 0, 0, 0
662, explorify:supply_cache/birch, HEADING, header:ignore, 0, 0, 0
663, explorify:supply_cache/dark, HEADING, header:ignore, 0, 0, 0
664, explorify:supply_cache/desert, HEADING, header:ignore, 0, 0, 0
665, explorify:supply_cache/forest, HEADING, header:ignore, 0, 0, 0
666, explorify:supply_cache/jungle, HEADING, header:ignore, 0, 0, 0
667, explorify:supply_cache/mangrove, HEADING, header:ignore, 0, 0, 0
668, explorify:supply_cache/taiga, HEADING, header:ignore, 0, 0, 0
669, minecraft:swamp_hut, HEADING, header:ignore, 0, 0, 0
670, minecraft:swamp_hut, MONSTER, minecraft:witch, 1, 1, 1
671, structory:swamp_ruin, HEADING, header:ignore, 0, 0, 0
672, structory:taiga_ruin_surface, HEADING, header:ignore, 0, 0, 0
673, structory:taiga_ruin_underground, HEADING, header:ignore, 0, 0, 0
674, explorify:tavern, HEADING, header:ignore, 0, 0, 0
675, betterarcheology:temple_jungle, HEADING, header:ignore, 0, 0, 0
676, dungeonnowloading:temple_of_duality, HEADING, header:ignore, 0, 0, 0
677, formationsoverworld:tiny_house, HEADING, header:ignore, 0, 0, 0
678, medieval_buildings:tower, HEADING, header:ignore, 0, 0, 0
679, formationsoverworld:tower_remnant, HEADING, header:ignore, 0, 0, 0
680, valhelsia_structures:tower_ruin, HEADING, header:ignore, 0, 0, 0
681, minecraft:trail_ruins, HEADING, header:ignore, 0, 0, 0
682, trials:trials_chambers, HEADING, header:ignore, 0, 0, 0
683, betterarcheology:tumulus_grassy, HEADING, header:ignore, 0, 0, 0
684, mowziesmobs:umvuthana_grove, HEADING, header:ignore, 0, 0, 0
685, alexscaves:underground_cabin, HEADING, header:ignore, 0, 0, 0
686, philipsruins:underground_structures, HEADING, header:ignore, 0, 0, 0
687, philipsruins:underground_structures, MONSTER, minecraft:wither_skeleton, 1, 1, 5
688, betterarcheology:underwater_0, HEADING, header:ignore, 0, 0, 0
689, betterarcheology:underwater_1, HEADING, header:ignore, 0, 0, 0
690, betterarcheology:underwater_2, HEADING, header:ignore, 0, 0, 0
691, betterarcheology:underwater_3, HEADING, header:ignore, 0, 0, 0
692, alekiships:unfinished_rowboat_birch, HEADING, header:ignore, 0, 0, 0
693, alekiships:unfinished_rowboat_cherry, HEADING, header:ignore, 0, 0, 0
694, alekiships:unfinished_rowboat_dark_oak, HEADING, header:ignore, 0, 0, 0
695, alekiships:unfinished_rowboat_oak, HEADING, header:ignore, 0, 0, 0
696, alekiships:unfinished_rowboat_spruce, HEADING, header:ignore, 0, 0, 0
697, alekiships:unfinished_sloop_birch, HEADING, header:ignore, 0, 0, 0
698, alekiships:unfinished_sloop_cherry, HEADING, header:ignore, 0, 0, 0
699, alekiships:unfinished_sloop_dark_oak, HEADING, header:ignore, 0, 0, 0
700, alekiships:unfinished_sloop_oak, HEADING, header:ignore, 0, 0, 0
701, alekiships:unfinished_sloop_spruce, HEADING, header:ignore, 0, 0, 0
702, towns_and_towers:village_badlands, HEADING, header:ignore, 0, 0, 0
703, towns_and_towers:village_beach, HEADING, header:ignore, 0, 0, 0
704, towns_and_towers:village_birch_forest, HEADING, header:ignore, 0, 0, 0
705, minecraft:village_desert, HEADING, header:ignore, 0, 0, 0
706, towns_and_towers:village_flower_forest, HEADING, header:ignore, 0, 0, 0
707, towns_and_towers:village_forest, HEADING, header:ignore, 0, 0, 0
708, towns_and_towers:village_grove, HEADING, header:ignore, 0, 0, 0
709, towns_and_towers:village_jungle, HEADING, header:ignore, 0, 0, 0
710, towns_and_towers:village_meadow, HEADING, header:ignore, 0, 0, 0
711, towns_and_towers:village_mushroom_fields, HEADING, header:ignore, 0, 0, 0
712, joshie:village_ocean, HEADING, header:ignore, 0, 0, 0
713, towns_and_towers:village_ocean, HEADING, header:ignore, 0, 0, 0
714, towns_and_towers:village_old_growth_taiga, HEADING, header:ignore, 0, 0, 0
715, minecraft:village_plains, HEADING, header:ignore, 0, 0, 0
716, minecraft:village_savanna, HEADING, header:ignore, 0, 0, 0
717, towns_and_towers:village_savanna_plateau, HEADING, header:ignore, 0, 0, 0
718, minecraft:village_snowy, HEADING, header:ignore, 0, 0, 0
719, towns_and_towers:village_snowy_slopes, HEADING, header:ignore, 0, 0, 0
720, towns_and_towers:village_snowy_taiga, HEADING, header:ignore, 0, 0, 0
721, towns_and_towers:village_sparse_jungle, HEADING, header:ignore, 0, 0, 0
722, towns_and_towers:village_sunflower_plains, HEADING, header:ignore, 0, 0, 0
723, towns_and_towers:village_swamp, HEADING, header:ignore, 0, 0, 0
724, minecraft:village_taiga, HEADING, header:ignore, 0, 0, 0
725, towns_and_towers:village_wooded_badlands, HEADING, header:ignore, 0, 0, 0
726, betterarcheology:villager_grave, HEADING, header:ignore, 0, 0, 0
727, bosses_of_mass_destruction:void_blossom, HEADING, header:ignore, 0, 0, 0
728, alexscaves:volcano, HEADING, header:ignore, 0, 0, 0
729, formationsoverworld:wagon, HEADING, header:ignore, 0, 0, 0
730, legendary_monsters:warped_fungussus_nest, HEADING, header:ignore, 0, 0, 0
731, explorify:watchtower/plains, HEADING, header:ignore, 0, 0, 0
732, explorify:watchtower/savanna, HEADING, header:ignore, 0, 0, 0
733, explorify:watchtower/taiga, HEADING, header:ignore, 0, 0, 0
734, supplementaries:way_sign, HEADING, header:ignore, 0, 0, 0
735, formationsoverworld:well, HEADING, header:ignore, 0, 0, 0
736, mvs:well/rare_well, HEADING, header:ignore, 0, 0, 0
737, mvs:well/small_copper_well, HEADING, header:ignore, 0, 0, 0
738, mvs:well/small_tower_well, HEADING, header:ignore, 0, 0, 0
739, mvs:well/small_well, HEADING, header:ignore, 0, 0, 0
740, mvs:well/well, HEADING, header:ignore, 0, 0, 0
741, mvs:well/wells/acacia_well, HEADING, header:ignore, 0, 0, 0
742, mvs:well/wells/birch_well, HEADING, header:ignore, 0, 0, 0
743, mvs:well/wells/dark_oak_well, HEADING, header:ignore, 0, 0, 0
744, mvs:well/wells/desert_well, HEADING, header:ignore, 0, 0, 0
745, mvs:well/wells/end_well, HEADING, header:ignore, 0, 0, 0
746, mvs:well/wells/jungle_well, HEADING, header:ignore, 0, 0, 0
747, mvs:well/wells/mushroom_well, HEADING, header:ignore, 0, 0, 0
748, mvs:well/wells/nether_well, HEADING, header:ignore, 0, 0, 0
749, mvs:well/wells/oak_well, HEADING, header:ignore, 0, 0, 0
750, mvs:well/wells/rocky_well, HEADING, header:ignore, 0, 0, 0
751, mvs:well/wells/snowy_well, HEADING, header:ignore, 0, 0, 0
752, mvs:well/wells/spruce_well, HEADING, header:ignore, 0, 0, 0
753, betterwitchhuts:witch_circle, HEADING, header:ignore, 0, 0, 0
754, betterwitchhuts:witch_circle, MONSTER, minecraft:witch, 1, 1, 1
755, betterwitchhuts:witch_circle, CREATURE, minecraft:cat, 1, 1, 1
756, betterwitchhuts:witch_hut, HEADING, header:ignore, 0, 0, 0
757, betterwitchhuts:witch_hut, MONSTER, minecraft:witch, 1, 1, 1
758, betterwitchhuts:witch_hut, CREATURE, minecraft:cat, 1, 1, 1
759, valhelsia_structures:witch_hut, HEADING, header:ignore, 0, 0, 0
760, valhelsia_structures:witch_hut, MONSTER, minecraft:witch, 1, 1, 1
761, valhelsia_structures:witch_hut, CREATURE, minecraft:cat, 1, 1, 1
762, formationsoverworld:witch_tower, HEADING, header:ignore, 0, 0, 0
763, towns_and_towers:wreckage_ocean, HEADING, header:ignore, 0, 0, 0
764, mowziesmobs:wrought_chamber, HEADING, header:ignore, 0, 0, 0
765, betterdungeons:zombie_dungeon, HEADING, header:ignore, 0, 0, 0
766, betterdungeons:zombie_dungeon, MONSTER, minecraft:zombie, 100, 4, 15
